data/sales.csv
date,sku,price,promo_flag,discount_pct,is_weekend,is_holiday,sales
2023-11-14,SKU_03,23.51,0,0.0,0,0,759
2023-11-15,SKU_03,28.03,0,0.0,0,0,790
2023-11-16,SKU_03,28.16,0,0.0,0,0,945
2023-11-17,SKU_03,29.3,0,0.0,0,0,1066
2023-11-18,SKU_03,31.73,0,0.0,1,0,1109
2023-11-19,SKU_03,30.13,0,0.0,1,0,945
2023-11-20,SKU_03,35.18,0,0.0,0,0,728
2023-11-21,SKU_03,34.22,0,0.0,0,0,706
2023-11-22,SKU_03,33.63,0,0.0,0,0,797
2023-11-23,SKU_03,34.15,0,0.0,0,0,944
2023-11-24,SKU_03,37.65,0,0.0,0,0,1040
2023-11-25,SKU_03,37.61,0,0.0,1,0,1100
2023-11-26,SKU_03,39.14,0,0.0,1,0,925
2023-11-27,SKU_03,42.83,0,0.0,0,0,716
2023-11-28,SKU_03,40.39,0,0.0,0,0,713
2023-11-29,SKU_03,41.59,0,0.0,0,0,794
2023-11-30,SKU_03,41.85,0,0.0,0,0,88
2023-12-01,SKU_03,40.51,0,0.0,0,0,1078
2023-12-02,SKU_03,40.83,0,0.0,1,0,1139
2023-12-03,SKU_03,41.19,0,0.0,1,0,959
2023-12-04,SKU_03,41.01,0,0.0,0,0,767
2023-12-05,SKU_03,38.79,0,0.0,0,0,773
2023-12-06,SKU_03,38.09,0,0.0,0,0,864
2023-12-07,SKU_03,38.47,0,0.0,0,0,1016
2023-12-08,SKU_03,38.49,0,0.0,0,0,1169
2023-12-09,SKU_03,41.01,0,0.0,1,0,1198
2023-12-10,SKU_03,41.8,0,0.0,1,0,1011
2023-12-11,SKU_03,35.85,0,0.0,0,0,865
2023-12-12,SKU_03,37.48,0,0.0,0,0,815
2023-12-13,SKU_03,41.08,0,0.0,0,0,912
2023-12-14,SKU_03,40.42,0,0.0,0,0,1054
2023-12-15,SKU_03,40.42,0,0.0,0,0,1217
2023-12-16,SKU_03,44.25,0,0.0,1,0,1236
2023-12-17,SKU_03,38.3,0,0.0,1,0,1094
2023-12-18,SKU_03,36.95,0,0.0,0,0,891
2023-12-19,SKU_03,37.19,0,0.0,0,0,872
2023-12-20,SKU_03,31.57,0,0.0,0,0,1039
2023-12-21,SKU_03,30.62,0,0.0,0,0,1234
2023-12-22,SKU_03,29.51,0,0.0,0,0,1440
2023-12-23,SKU_03,28.22,0,0.0,1,0,1534
2023-12-24,SKU_03,30.77,0,0.0,1,0,1248
2023-12-25,SKU_03,32.27,0,0.0,0,0,988
2023-12-26,SKU_03,32.1,0,0.0,0,0,967
2023-12-27,SKU_03,33.36,0,0.0,0,0,1075
2023-12-28,SKU_03,34.18,0,0.0,0,0,1256
2023-12-29,SKU_03,33.61,0,0.0,0,0,1443
2023-12-30,SKU_03,34.13,0,0.0,1,0,1524
2023-12-31,SKU_03,33.58,0,0.0,1,0,1268
2024-01-01,SKU_03,34.51,0,0.0,0,1,1237
2024-01-02,SKU_03,32.84,0,0.0,0,0,1013
2024-01-03,SKU_03,28.69,0,0.0,0,0,1200
2024-01-04,SKU_03,28.97,0,0.0,0,0,1401
2024-01-05,SKU_03,32.59,0,0.0,0,0,1541
2024-01-06,SKU_03,35.52,0,0.0,1,0,1565
2024-01-07,SKU_03,35.56,0,0.0,1,1,1588
2024-01-08,SKU_03,34.61,0,0.0,0,0,1075
2024-01-09,SKU_03,32.51,0,0.0,0,0,1072
2024-01-10,SKU_03,34.17,0,0.0,0,0,1187
2024-01-11,SKU_03,30.77,0,0.0,0,0,1445
2024-01-12,SKU_03,29.11,0,0.0,0,0,1668
2024-01-13,SKU_03,31.06,1,0.286,1,0,3319
2024-01-14,SKU_03,30.43,0,0.0,1,0,1458
2024-01-15,SKU_03,30.78,0,0.0,0,0,1170
2024-01-16,SKU_03,31.32,0,0.0,0,0,1134
2024-01-17,SKU_03,28.35,0,0.0,0,0,1312
2024-01-18,SKU_03,26.41,0,0.0,0,0,1590
2024-01-19,SKU_03,28.25,0,0.0,0,0,1771
2024-01-20,SKU_03,26.91,0,0.0,1,0,1895
2024-01-21,SKU_03,29.25,0,0.0,1,0,1532
2024-01-22,SKU_03,30.79,0,0.0,0,0,1214
2024-01-23,SKU_03,27.39,0,0.0,0,0,1242
2024-01-24,SKU_03,28.75,0,0.0,0,0,1368
2024-01-25,SKU_03,28.7,0,0.0,0,0,1610
2024-01-26,SKU_03,27.22,0,0.0,0,0,1860
2024-01-27,SKU_03,26.53,0,0.0,1,0,1967
2024-01-28,SKU_03,27.38,0,0.0,1,0,1643
2024-01-29,SKU_03,25.25,0,0.0,0,0,1354
2024-01-30,SKU_03,24.92,0,0.0,0,0,1337
2024-01-31,SKU_03,25.98,0,0.0,0,0,1470
2024-02-01,SKU_03,28.89,0,0.0,0,0,1665
2024-02-02,SKU_03,26.06,0,0.0,0,0,1971
2024-02-03,SKU_03,23.62,0,0.0,1,0,2149
2024-02-04,SKU_03,22.0,0,0.0,1,0,1838
2024-02-05,SKU_03,20.55,0,0.0,0,0,1528
2024-02-06,SKU_03,21.38,0,0.0,0,0,1454
2024-02-07,SKU_03,22.45,0,0.0,0,0,1609
2024-02-08,SKU_03,22.94,0,0.0,0,0,1863
2024-02-09,SKU_03,24.36,0,0.0,0,0,2090
2024-02-10,SKU_03,24.92,0,0.0,1,0,2162
2024-02-11,SKU_03,22.96,0,0.0,1,0,1873
2024-02-12,SKU_03,23.4,0,0.0,0,0,1491
2024-02-13,SKU_03,20.54,1,0.24,0,0,2823
2024-02-14,SKU_03,20.45,0,0.0,0,0,1709
2024-02-15,SKU_03,20.67,0,0.0,0,0,1985
2024-02-16,SKU_03,20.35,0,0.0,0,0,2288
2024-02-17,SKU_03,21.43,0,0.0,1,0,2359
2024-02-18,SKU_03,21.0,0,0.0,1,0,1988
2024-02-19,SKU_03,21.7,0,0.0,0,0,1587
2024-02-20,SKU_03,21.85,0,0.0,0,0,1529
2024-02-21,SKU_03,22.66,0,0.0,0,0,1696
2024-02-22,SKU_03,17.75,0,0.0,0,0,2153
2024-02-23,SKU_03,17.31,0,0.0,0,1,2988
2024-02-24,SKU_03,19.9,0,0.0,1,0,2481
2024-02-25,SKU_03,20.52,0,0.0,1,0,2061
2024-02-26,SKU_03,20.63,0,0.0,0,0,1647
2024-02-27,SKU_03,21.01,0,0.0,0,0,1589
2024-02-28,SKU_03,19.16,0,0.0,0,0,1841
2024-02-29,SKU_03,19.93,0,0.0,0,0,2130
2024-03-01,SKU_03,21.96,0,0.0,0,0,2354
2024-03-02,SKU_03,23.2,0,0.0,1,0,2413
2024-03-03,SKU_03,21.34,0,0.0,1,0,2078
2024-03-04,SKU_03,21.06,0,0.0,0,0,1679
2024-03-05,SKU_03,18.83,0,0.0,0,0,1685
2024-03-06,SKU_03,19.21,0,0.0,0,0,1880
2024-03-07,SKU_03,18.21,0,0.0,0,0,2240
2024-03-08,SKU_03,18.11,0,0.0,0,1,3065
2024-03-09,SKU_03,18.89,0,0.0,1,0,2643
2024-03-10,SKU_03,19.02,0,0.0,1,0,2194
2024-03-11,SKU_03,19.86,0,0.0,0,0,1738
2024-03-12,SKU_03,19.22,0,0.0,0,0,1699
2024-03-13,SKU_03,18.85,0,0.0,0,0,1921
2024-03-14,SKU_03,18.4,0,0.0,0,0,2265
2024-03-15,SKU_03,18.33,0,0.0,0,0,2589
2024-03-16,SKU_03,18.02,0,0.0,1,0,2718
2024-03-17,SKU_03,20.01,0,0.0,1,0,2190
2024-03-18,SKU_03,23.3,0,0.0,0,0,1664
2024-03-19,SKU_03,21.91,0,0.0,0,0,1646
2024-03-20,SKU_03,20.98,0,0.0,0,0,1871
2024-03-21,SKU_03,20.6,0,0.0,0,0,2205
2024-03-22,SKU_03,22.57,0,0.0,0,0,2440
2024-03-23,SKU_03,21.21,0,0.0,1,0,2592
2024-03-24,SKU_03,20.3,0,0.0,1,0,2195
2024-03-25,SKU_03,19.75,0,0.0,0,0,1784
2024-03-26,SKU_03,20.1,0,0.0,0,0,1718
2024-03-27,SKU_03,23.93,0,0.0,0,0,1811
2024-03-28,SKU_03,28.0,0,0.0,0,0,2006
2024-03-29,SKU_03,30.06,0,0.0,0,0,2232
2024-03-30,SKU_03,31.58,1,0.155,1,0,3942
2024-03-31,SKU_03,30.23,0,0.0,1,0,1925
2024-04-01,SKU_03,32.64,0,0.0,0,0,1517
2024-04-02,SKU_03,31.76,0,0.0,0,0,1468
2024-04-03,SKU_03,30.99,0,0.0,0,0,1664
2024-04-04,SKU_03,26.84,0,0.0,0,0,2040
2024-04-05,SKU_03,25.0,0,0.0,0,0,2387
2024-04-06,SKU_03,25.09,0,0.0,1,0,2485
2024-04-07,SKU_03,24.13,0,0.0,1,0,2105
2024-04-08,SKU_03,20.73,0,0.0,0,0,1783
2024-04-09,SKU_03,19.96,0,0.0,0,0,1744
2024-04-10,SKU_03,21.6,0,0.0,0,0,1895
2024-04-11,SKU_03,19.04,0,0.0,0,0,2310
2024-04-12,SKU_03,18.28,0,0.0,0,0,2665
2024-04-13,SKU_03,18.87,0,0.0,1,0,2742
2024-04-14,SKU_03,23.07,0,0.0,1,0,2139
2024-04-15,SKU_03,21.69,0,0.0,0,0,1753
2024-04-16,SKU_03,20.14,0,0.0,0,0,1736
2024-04-17,SKU_03,20.73,0,0.0,0,0,1922
2024-04-18,SKU_03,19.0,0,0.0,0,0,2302
2024-04-19,SKU_03,19.39,0,0.0,0,0,2619
2024-04-20,SKU_03,20.17,0,0.0,1,0,2688
2024-04-21,SKU_03,19.15,1,0.275,1,0,4353
2024-04-22,SKU_03,19.84,0,0.0,0,0,1799
2024-04-23,SKU_03,20.08,0,0.0,0,0,1731
2024-04-24,SKU_03,21.6,0,0.0,0,0,1898
2024-04-25,SKU_03,22.75,0,0.0,0,0,2157
2024-04-26,SKU_03,20.99,0,0.0,0,0,2524
2024-04-27,SKU_03,23.93,0,0.0,1,0,2517
2024-04-28,SKU_03,27.26,0,0.0,1,0,2000
2024-04-29,SKU_03,25.55,0,0.0,0,0,1637
2024-04-30,SKU_03,28.46,0,0.0,0,0,1520
2024-05-01,SKU_03,27.13,0,0.0,0,1,2091
2024-05-02,SKU_03,30.95,1,0.173,0,1,325
2024-05-03,SKU_03,31.89,0,0.0,0,0,2167
2024-05-04,SKU_03,30.86,0,0.0,1,0,2287
2024-05-05,SKU_03,32.24,0,0.0,1,0,1871
2024-05-06,SKU_03,31.66,0,0.0,0,0,1495
2024-05-07,SKU_03,30.76,0,0.0,0,0,1468
2024-05-08,SKU_03,23.91,0,0.0,0,0,1796
2024-05-09,SKU_03,19.8,0,0.0,0,1,2674
2024-05-10,SKU_03,18.88,0,0.0,0,0,2580
2024-05-11,SKU_03,19.68,0,0.0,1,0,2650
2024-05-12,SKU_03,19.29,0,0.0,1,0,2206
2024-05-13,SKU_03,20.94,0,0.0,0,0,1722
2024-05-14,SKU_03,20.3,0,0.0,0,0,1678
2024-05-15,SKU_03,21.99,0,0.0,0,0,1828
2024-05-16,SKU_03,21.23,0,0.0,0,0,2151
2024-05-17,SKU_03,22.56,0,0.0,0,0,2395
2024-05-18,SKU_03,20.61,1,0.122,1,0,4317
2024-05-19,SKU_03,19.23,0,0.0,1,0,2198
2024-05-20,SKU_03,18.75,0,0.0,0,0,1762
2024-05-21,SKU_03,18.25,0,0.0,0,0,1726
2024-05-22,SKU_03,20.28,0,0.0,0,0,1864
2024-05-23,SKU_03,19.37,0,0.0,0,0,2199
2024-05-24,SKU_03,19.55,0,0.0,0,0,2489
2024-05-25,SKU_03,20.52,0,0.0,1,0,2543
2024-05-26,SKU_03,20.98,0,0.0,1,0,2098
2024-05-27,SKU_03,21.04,0,0.0,0,0,1670
2024-05-28,SKU_03,21.92,0,0.0,0,0,1586
2024-05-29,SKU_03,20.33,0,0.0,0,0,1833
2024-05-30,SKU_03,19.71,0,0.0,0,0,2160
2024-05-31,SKU_03,17.21,0,0.0,0,0,2565
2024-06-01,SKU_03,18.84,0,0.0,1,0,2572
2024-06-02,SKU_03,20.91,0,0.0,1,0,2058
2024-06-03,SKU_03,20.99,0,0.0,0,0,1644
2024-06-04,SKU_03,21.34,0,0.0,0,0,1576
2024-06-05,SKU_03,22.41,0,0.0,0,0,1735
2024-06-06,SKU_03,25.49,0,0.0,0,0,1925
2024-06-07,SKU_03,26.03,0,0.0,0,0,2180
2024-06-08,SKU_03,24.02,0,0.0,1,0,2337
2024-06-09,SKU_03,23.54,0,0.0,1,0,1939
2024-06-10,SKU_03,22.16,0,0.0,0,0,1590
2024-06-11,SKU_03,25.45,0,0.0,0,0,1462
2024-06-12,SKU_03,24.59,0,0.0,0,0,1651
2024-06-13,SKU_03,20.72,0,0.0,0,0,2043
2024-06-14,SKU_03,21.01,0,0.0,0,0,2292
2024-06-15,SKU_03,22.35,0,0.0,1,0,2346
2024-06-16,SKU_03,24.02,0,0.0,1,0,1901
2024-06-17,SKU_03,24.75,0,0.0,0,0,1499
2024-06-18,SKU_03,25.02,0,0.0,0,0,1440
2024-06-19,SKU_03,26.15,0,0.0,0,0,1581
2024-06-20,SKU_03,23.37,0,0.0,0,0,1905
2024-06-21,SKU_03,26.45,0,0.0,0,0,2077
2024-06-22,SKU_03,24.63,0,0.0,1,0,2213
2024-06-23,SKU_03,27.75,0,0.0,1,0,1769
2024-06-24,SKU_03,29.39,0,0.0,0,0,1383
2024-06-25,SKU_03,32.09,0,0.0,0,0,1295
2024-06-26,SKU_03,32.29,0,0.0,0,0,1442
2024-06-27,SKU_03,36.03,0,0.0,0,0,1607
2024-06-28,SKU_03,41.27,0,0.0,0,0,1742
2024-06-29,SKU_03,38.22,0,0.0,1,0,1871
2024-06-30,SKU_03,38.2,0,0.0,1,0,1549
2024-07-01,SKU_03,40.73,0,0.0,0,0,1210
2024-07-02,SKU_03,38.65,0,0.0,0,0,1192
2024-07-03,SKU_03,35.92,0,0.0,0,0,1361
2024-07-04,SKU_03,35.58,0,0.0,0,0,1579
2024-07-05,SKU_03,33.34,0,0.0,0,0,1844
2024-07-06,SKU_03,37.21,0,0.0,1,0,1845
2024-07-07,SKU_03,36.38,0,0.0,1,0,1546
2024-07-08,SKU_03,39.87,0,0.0,0,0,1189
2024-07-09,SKU_03,39.3,0,0.0,0,0,1163
2024-07-10,SKU_03,40.89,0,0.0,0,0,1287
2024-07-11,SKU_03,36.67,0,0.0,0,0,1543
2024-07-12,SKU_03,35.24,0,0.0,0,0,1775
2024-07-13,SKU_03,38.4,0,0.0,1,0,1795
2024-07-14,SKU_03,39.4,0,0.0,1,0,1486
2024-07-15,SKU_03,40.94,0,0.0,0,0,1165
2024-07-16,SKU_03,40.32,0,0.0,0,0,1131
2024-07-17,SKU_03,40.63,0,0.0,0,0,1274
2024-07-18,SKU_03,44.15,0,0.0,0,0,1427
2024-07-19,SKU_03,46.7,0,0.0,0,0,1585
2024-07-20,SKU_03,46.39,0,0.0,1,0,1653
2024-07-21,SKU_03,49.22,0,0.0,1,0,1347
2024-07-22,SKU_03,53.13,0,0.0,0,0,2033
2024-07-23,SKU_03,50.98,0,0.0,0,0,1029
2024-07-24,SKU_03,47.13,0,0.0,0,0,1183
2024-07-25,SKU_03,49.95,0,0.0,0,0,1341
2024-07-26,SKU_03,50.6,0,0.0,0,0,1510
2024-07-27,SKU_03,49.36,0,0.0,1,0,1600
2024-07-28,SKU_03,48.93,0,0.0,1,0,1330
2024-07-29,SKU_03,45.14,0,0.0,0,0,1103
2024-07-30,SKU_03,50.88,0,0.0,0,0,1017
2024-07-31,SKU_03,48.29,0,0.0,0,0,1146
2024-08-01,SKU_03,43.81,0,0.0,0,0,1385
2024-08-02,SKU_03,36.89,0,0.0,0,0,1667
2024-08-03,SKU_03,32.98,0,0.0,1,0,1818
2024-08-04,SKU_03,32.38,0,0.0,1,0,1525
2024-08-05,SKU_03,29.93,0,0.0,0,0,117
2024-08-06,SKU_03,28.07,0,0.0,0,0,1244
2024-08-07,SKU_03,24.11,0,0.0,0,0,1475
2024-08-08,SKU_03,24.46,0,0.0,0,0,1697
2024-08-09,SKU_03,25.45,0,0.0,0,0,1891
2024-08-10,SKU_03,25.16,0,0.0,1,0,1984
2024-08-11,SKU_03,23.19,0,0.0,1,0,1697
2024-08-12,SKU_03,20.17,0,0.0,0,0,1428
2024-08-13,SKU_03,18.21,0,0.0,0,0,1437
2024-08-14,SKU_03,19.51,0,0.0,0,0,1566
2024-08-15,SKU_03,18.39,0,0.0,0,0,1859
2024-08-16,SKU_03,18.39,0,0.0,0,0,2123
2024-08-17,SKU_03,20.23,0,0.0,1,0,2141
2024-08-18,SKU_03,16.93,0,0.0,1,0,1901
2024-08-19,SKU_03,14.76,0,0.0,0,0,1597
2024-08-20,SKU_03,16.38,0,0.0,0,0,1499
2024-08-21,SKU_03,17.49,0,0.0,0,0,1629
2024-08-22,SKU_03,20.27,0,0.0,0,0,1794
2024-08-23,SKU_03,19.99,0,0.0,0,0,2056
2024-08-24,SKU_03,22.15,0,0.0,1,0,2076
2024-08-25,SKU_03,23.3,0,0.0,1,0,1696
2024-08-26,SKU_03,23.52,0,0.0,0,0,1367
2024-08-27,SKU_03,22.05,0,0.0,0,0,1343
2024-08-28,SKU_03,21.73,0,0.0,0,0,1525
2024-08-29,SKU_03,23.24,0,0.0,0,0,1728
2024-08-30,SKU_03,23.85,0,0.0,0,0,1950
2024-08-31,SKU_03,20.3,0,0.0,1,0,2161
2024-09-01,SKU_03,19.78,0,0.0,1,0,1819
2024-09-02,SKU_03,22.23,0,0.0,0,0,1404
2024-09-03,SKU_03,21.28,0,0.0,0,0,1378
2024-09-04,SKU_03,19.32,0,0.0,0,0,1604
2024-09-05,SKU_03,21.53,0,0.0,0,0,1806
2024-09-06,SKU_03,20.81,0,0.0,0,0,2077
2024-09-07,SKU_03,20.02,0,0.0,1,0,2212
2024-09-08,SKU_03,19.26,0,0.0,1,0,1861
2024-09-09,SKU_03,20.7,0,0.0,0,0,1461
2024-09-10,SKU_03,21.14,0,0.0,0,0,1399
2024-09-11,SKU_03,20.76,0,0.0,0,0,1580
2024-09-12,SKU_03,23.88,0,0.0,0,0,1752
2024-09-13,SKU_03,23.46,0,0.0,0,0,2024
2024-09-14,SKU_03,23.25,0,0.0,1,0,2126
2024-09-15,SKU_03,26.39,0,0.0,1,0,1694
2024-09-16,SKU_03,25.48,0,0.0,0,0,1379
2024-09-17,SKU_03,23.77,0,0.0,0,0,1376
2024-09-18,SKU_03,20.43,0,0.0,0,0,1626
2024-09-19,SKU_03,22.14,0,0.0,0,0,1852
2024-09-20,SKU_03,20.86,0,0.0,0,0,2157
2024-09-21,SKU_03,21.54,0,0.0,1,0,2242
2024-09-22,SKU_03,22.41,0,0.0,1,0,1852
2024-09-23,SKU_03,23.98,0,0.0,0,0,1435
2024-09-24,SKU_03,21.14,0,0.0,0,0,1463
2024-09-25,SKU_03,20.36,0,0.0,0,0,1679
2024-09-26,SKU_03,20.65,0,0.0,0,0,1941
2024-09-27,SKU_03,20.3,0,0.0,0,0,2248
2024-09-28,SKU_03,20.32,0,0.0,1,0,2352
2024-09-29,SKU_03,21.89,0,0.0,1,0,1919
2024-09-30,SKU_03,21.61,0,0.0,0,0,1547
2024-10-01,SKU_03,23.38,0,0.0,0,0,1462
2024-10-02,SKU_03,22.47,0,0.0,0,0,1665
2024-10-03,SKU_03,19.38,0,0.0,0,0,2059
2024-10-04,SKU_03,20.97,0,0.0,0,0,2292
2024-10-05,SKU_03,20.37,0,0.0,1,0,2433
2024-10-06,SKU_03,21.18,0,0.0,1,0,2015
2024-10-07,SKU_03,20.38,0,0.0,0,0,1642
2024-10-08,SKU_03,21.49,0,0.0,0,0,1561
2024-10-09,SKU_03,21.88,0,0.0,0,0,1747
2024-10-10,SKU_03,21.16,0,0.0,0,0,2060
2024-10-11,SKU_03,21.12,0,0.0,0,0,2361
2024-10-12,SKU_03,18.98,0,0.0,1,0,2592
2024-10-13,SKU_03,17.95,0,0.0,1,0,2200
2024-10-14,SKU_03,17.01,0,0.0,0,0,1807
2024-10-15,SKU_03,17.54,0,0.0,0,0,1738
2024-10-16,SKU_03,17.82,0,0.0,0,0,1946
2024-10-17,SKU_03,20.26,0,0.0,0,0,2186
2024-10-18,SKU_03,18.02,0,0.0,0,0,2607
2024-10-19,SKU_03,16.37,0,0.0,1,0,2825
2024-10-20,SKU_03,17.17,0,0.0,1,0,2332
2024-10-21,SKU_03,18.74,0,0.0,0,0,1822
2024-10-22,SKU_03,20.63,0,0.0,0,0,2366
2024-10-23,SKU_03,14.73,0,0.0,0,0,2178
2024-10-24,SKU_03,15.01,0,0.0,0,0,2536
2024-10-25,SKU_03,15.61,0,0.0,0,0,2858
2024-10-26,SKU_03,16.75,0,0.0,1,0,2925
2024-10-27,SKU_03,19.62,0,0.0,1,0,2337
2024-10-28,SKU_03,19.99,0,0.0,0,0,1859
2024-10-29,SKU_03,19.51,0,0.0,0,0,1821
2024-10-30,SKU_03,17.13,0,0.0,0,0,2158
2024-10-31,SKU_03,19.11,0,0.0,0,0,2421
2024-11-01,SKU_03,16.02,0,0.0,0,0,2965
2024-11-02,SKU_03,15.7,0,0.0,1,0,3136
2024-11-03,SKU_03,15.14,0,0.0,1,0,2670
2024-11-04,SKU_03,14.11,0,0.0,0,0,2193
2024-11-05,SKU_03,15.51,0,0.0,0,0,2057
2024-11-06,SKU_03,16.74,0,0.0,0,0,2273
2024-11-07,SKU_03,15.74,0,0.0,0,0,2734
2024-11-08,SKU_03,15.29,0,0.0,0,0,3147
2024-11-09,SKU_03,17.02,0,0.0,1,0,3180
2024-11-10,SKU_03,18.19,0,0.0,1,0,2618
2024-11-11,SKU_03,16.68,0,0.0,0,0,2172
2024-11-12,SKU_03,16.81,0,0.0,0,0,2113
2024-11-13,SKU_03,17.2,0,0.0,0,0,2357
2024-11-14,SKU_03,18.33,0,0.0,0,0,2693
2024-11-15,SKU_03,18.71,0,0.0,0,0,3069
2024-11-16,SKU_03,19.42,0,0.0,1,0,3187
2024-11-17,SKU_03,20.32,0,0.0,1,0,2632
2024-11-18,SKU_03,18.18,0,0.0,0,0,2186
2024-11-19,SKU_03,19.34,0,0.0,0,0,2104
2024-11-20,SKU_03,18.37,0,0.0,0,0,2412
2024-11-21,SKU_03,17.25,0,0.0,0,0,2895
2024-11-22,SKU_03,15.1,0,0.0,0,0,245
2024-11-23,SKU_03,15.22,0,0.0,1,0,244
2024-11-24,SKU_03,14.54,0,0.0,1,0,3098
2024-11-25,SKU_03,13.61,0,0.0,0,0,2554
2024-11-26,SKU_03,14.13,0,0.0,0,0,2448
2024-11-27,SKU_03,14.64,0,0.0,0,0,2734
2024-11-28,SKU_03,16.31,0,0.0,0,0,3085
2024-11-29,SKU_03,16.78,0,0.0,0,0,3492
2024-11-30,SKU_03,16.64,0,0.0,1,0,3682
2024-12-01,SKU_03,16.83,0,0.0,1,0,3085
2024-12-02,SKU_03,15.97,0,0.0,0,0,2523
2024-12-03,SKU_03,15.42,0,0.0,0,0,2501
2024-12-04,SKU_03,16.19,0,0.0,0,0,2758
2024-12-05,SKU_03,15.35,0,0.0,0,0,3298
2024-12-06,SKU_03,14.93,0,0.0,0,0,3819
2024-12-07,SKU_03,14.79,0,0.0,1,0,4016
2024-12-08,SKU_03,13.25,0,0.0,1,0,3498
2024-12-09,SKU_03,12.24,0,0.0,0,0,2897
2024-12-10,SKU_03,11.33,0,0.0,0,0,2900
2024-12-11,SKU_03,11.24,1,0.316,0,0,6476
2024-12-12,SKU_03,11.23,0,0.0,0,0,3843
2024-12-13,SKU_03,10.88,0,0.0,0,0,4448
2024-12-14,SKU_03,11.07,0,0.0,1,0,4636
2024-12-15,SKU_03,11.07,0,0.0,1,0,3893
2024-12-16,SKU_03,11.89,0,0.0,0,0,3050
2024-12-17,SKU_03,12.05,0,0.0,0,0,2954
2024-12-18,SKU_03,12.53,0,0.0,0,0,3289
2024-12-19,SKU_03,11.89,0,0.0,0,0,3921
2024-12-20,SKU_03,11.42,0,0.0,0,0,4546
2024-12-21,SKU_03,11.73,0,0.0,1,0,4737
2024-12-22,SKU_03,12.14,0,0.0,1,0,3927
2024-12-23,SKU_03,12.8,0,0.0,0,0,3097
2024-12-24,SKU_03,12.82,0,0.0,0,0,3005
2024-12-25,SKU_03,10.68,0,0.0,0,0,3624
2024-12-26,SKU_03,9.94,0,0.0,0,0,4338
2024-12-27,SKU_03,8.77,0,0.0,0,0,5194
2024-12-28,SKU_03,9.11,0,0.0,1,0,5381
2024-12-29,SKU_03,8.83,0,0.0,1,0,4552
2024-12-30,SKU_03,8.55,0,0.0,0,0,3703
2024-12-31,SKU_03,9.37,0,0.0,0,0,3497
2025-01-01,SKU_03,8.8,0,0.0,0,1,4824
2025-01-02,SKU_03,9.06,0,0.0,0,0,4654
2025-01-03,SKU_03,9.83,0,0.0,0,0,5167
2025-01-04,SKU_03,9.76,0,0.0,1,0,5439
2025-01-05,SKU_03,9.98,0,0.0,1,0,4519
2025-01-06,SKU_03,10.38,0,0.0,0,0,3585
2025-01-07,SKU_03,9.96,0,0.0,0,1,4239
2025-01-08,SKU_03,10.5,0,0.0,0,0,3912
2025-01-09,SKU_03,8.57,0,0.0,0,0,4914
2025-01-10,SKU_03,7.43,0,0.0,0,0,5888
2025-01-11,SKU_03,6.96,0,0.0,1,0,6330
2025-01-12,SKU_03,6.91,0,0.0,1,0,5328
2025-01-13,SKU_03,7.15,0,0.0,0,0,4232
2025-01-14,SKU_03,6.97,0,0.0,0,0,4145
2025-01-15,SKU_03,6.48,0,0.0,0,0,4783
2025-01-16,SKU_03,6.41,0,0.0,0,0,5611
2025-01-17,SKU_03,6.54,0,0.0,0,0,6380
2025-01-18,SKU_03,6.24,0,0.0,1,0,6799
2025-01-19,SKU_03,6.69,0,0.0,1,0,5555
2025-01-20,SKU_03,6.89,0,0.0,0,0,4413
2025-01-21,SKU_03,6.74,0,0.0,0,0,4324
2025-01-22,SKU_03,6.08,0,0.0,0,0,5037
2025-01-23,SKU_03,5.47,0,0.0,0,0,6115
2025-01-24,SKU_03,5.42,0,0.0,0,0,7015
2025-01-25,SKU_03,4.42,0,0.0,1,0,7885
2025-01-26,SKU_03,4.84,0,0.0,1,0,6396
2025-01-27,SKU_03,5.12,0,0.0,0,0,5034
2025-01-28,SKU_03,5.0,0,0.0,0,0,4943
2025-01-29,SKU_03,4.92,0,0.0,0,0,5573
2025-01-30,SKU_03,5.08,0,0.0,0,0,6458
2025-01-31,SKU_03,4.78,0,0.0,0,0,7531
2025-02-01,SKU_03,4.61,0,0.0,1,0,7982
2025-02-02,SKU_03,4.5,0,0.0,1,0,6727
2025-02-03,SKU_03,4.02,0,0.0,0,0,5622
2025-02-04,SKU_03,3.6,0,0.0,0,0,5675
2025-02-05,SKU_03,3.67,0,0.0,0,0,6337
2025-02-06,SKU_03,3.46,0,0.0,0,0,7561
2025-02-07,SKU_03,3.42,0,0.0,0,0,8653
2025-02-08,SKU_03,3.52,0,0.0,1,0,8968
2025-02-09,SKU_03,3.09,0,0.0,1,0,7869
2025-02-10,SKU_03,3.27,0,0.0,0,0,6190
2025-02-11,SKU_03,3.48,0,0.0,0,0,5856
2025-02-12,SKU_03,3.57,0,0.0,0,0,6530
2025-02-13,SKU_03,3.92,0,0.0,0,0,7384
2025-02-14,SKU_03,4.17,0,0.0,0,0,8236
2025-02-15,SKU_03,3.96,0,0.0,1,0,8777
2025-02-16,SKU_03,4.36,0,0.0,1,0,7088
2025-02-17,SKU_03,4.16,0,0.0,0,0,5794
