data/sales.csv
date,sku,price,promo_flag,discount_pct,is_weekend,is_holiday,sales
2024-09-16,SKU_04,47.96,0,0.0,0,0,294
2024-09-17,SKU_04,42.86,0,0.0,0,0,318
2024-09-18,SKU_04,41.39,0,0.0,0,0,332
2024-09-19,SKU_04,43.33,0,0.0,0,0,309
2024-09-20,SKU_04,36.5,0,0.0,0,0,339
2024-09-21,SKU_04,40.84,0,0.0,1,0,347
2024-09-22,SKU_04,38.84,0,0.0,1,0,338
2024-09-23,SKU_04,36.61,0,0.0,0,0,316
2024-09-24,SKU_04,33.0,0,0.0,0,0,343
2024-09-25,SKU_04,35.72,0,0.0,0,0,351
2024-09-26,SKU_04,33.57,0,0.0,0,0,357
2024-09-27,SKU_04,29.67,0,0.0,0,0,380
2024-09-28,SKU_04,27.95,0,0.0,1,0,417
2024-09-29,SKU_04,30.0,0,0.0,1,0,363
2024-09-30,SKU_04,31.01,0,0.0,0,0,348
2024-10-01,SKU_04,30.15,0,0.0,0,0,354
2024-10-02,SKU_04,32.31,0,0.0,0,0,366
2024-10-03,SKU_04,31.2,0,0.0,0,0,381
2024-10-04,SKU_04,32.48,0,0.0,0,0,380
2024-10-05,SKU_04,35.14,0,0.0,1,0,369
2024-10-06,SKU_04,40.1,0,0.0,1,0,344
2024-10-07,SKU_04,42.0,0,0.0,0,0,317
2024-10-08,SKU_04,46.73,0,0.0,0,0,323
2024-10-09,SKU_04,41.48,1,0.262,0,0,570
2024-10-10,SKU_04,43.96,0,0.0,0,0,337
2024-10-11,SKU_04,45.61,0,0.0,0,0,326
2024-10-12,SKU_04,45.36,0,0.0,1,0,340
2024-10-13,SKU_04,42.79,0,0.0,1,0,329
2024-10-14,SKU_04,43.94,0,0.0,0,0,310
2024-10-15,SKU_04,40.95,0,0.0,0,0,329
2024-10-16,SKU_04,42.86,0,0.0,0,0,337
2024-10-17,SKU_04,45.32,0,0.0,0,0,341
2024-10-18,SKU_04,45.54,0,0.0,0,0,325
2024-10-19,SKU_04,44.29,0,0.0,1,0,355
2024-10-20,SKU_04,46.35,0,0.0,1,0,320
2024-10-21,SKU_04,51.42,0,0.0,0,0,295
2024-10-22,SKU_04,50.8,0,0.0,0,0,319
2024-10-23,SKU_04,51.69,0,0.0,0,0,436
2024-10-24,SKU_04,45.56,0,0.0,0,0,347
2024-10-25,SKU_04,40.72,0,0.0,0,0,339
2024-10-26,SKU_04,44.96,0,0.0,1,0,360
2024-10-27,SKU_04,51.48,0,0.0,1,0,311
2024-10-28,SKU_04,51.2,0,0.0,0,0,312
2024-10-29,SKU_04,49.35,0,0.0,0,0,329
2024-10-30,SKU_04,51.06,0,0.0,0,0,326
2024-10-31,SKU_04,54.29,0,0.0,0,0,345
2024-11-01,SKU_04,48.77,0,0.0,0,0,352
2024-11-02,SKU_04,51.23,0,0.0,1,0,365
2024-11-03,SKU_04,52.24,0,0.0,1,0,323
2024-11-04,SKU_04,56.7,0,0.0,0,0,309
2024-11-05,SKU_04,63.01,0,0.0,0,0,313
2024-11-06,SKU_04,65.54,1,0.102,0,0,443
2024-11-07,SKU_04,65.25,0,0.0,0,0,305
2024-11-08,SKU_04,61.76,0,0.0,0,0,322
2024-11-09,SKU_04,53.81,0,0.0,1,0,356
2024-11-10,SKU_04,60.11,0,0.0,1,0,310
2024-11-11,SKU_04,52.68,0,0.0,0,0,304
2024-11-12,SKU_04,57.2,0,0.0,0,0,313
2024-11-13,SKU_04,65.15,0,0.0,0,0,340
2024-11-14,SKU_04,70.23,0,0.0,0,0,315
2024-11-15,SKU_04,65.1,0,0.0,0,0,324
2024-11-16,SKU_04,57.88,0,0.0,1,0,354
2024-11-17,SKU_04,56.1,0,0.0,1,0,329
2024-11-18,SKU_04,62.53,0,0.0,0,0,300
2024-11-19,SKU_04,66.29,0,0.0,0,0,309
2024-11-20,SKU_04,62.25,0,0.0,0,0,348
2024-11-21,SKU_04,64.38,0,0.0,0,0,325
2024-11-22,SKU_04,74.43,0,0.0,0,0,325
2024-11-23,SKU_04,82.19,0,0.0,1,0,303
2024-11-24,SKU_04,81.76,0,0.0,1,0,314
2024-11-25,SKU_04,67.98,0,0.0,0,0,298
2024-11-26,SKU_04,60.19,0,0.0,0,0,346
2024-11-27,SKU_04,58.54,0,0.0,0,0,338
2024-11-28,SKU_04,57.12,0,0.0,0,0,337
2024-11-29,SKU_04,61.53,0,0.0,0,0,347
2024-11-30,SKU_04,61.76,0,0.0,1,0,335
2024-12-01,SKU_04,64.54,0,0.0,1,0,336
2024-12-02,SKU_04,64.0,0,0.0,0,0,297
2024-12-03,SKU_04,72.99,0,0.0,0,0,311
2024-12-04,SKU_04,68.04,0,0.0,0,0,327
2024-12-05,SKU_04,66.92,0,0.0,0,0,322
2024-12-06,SKU_04,59.88,0,0.0,0,0,368
2024-12-07,SKU_04,53.5,0,0.0,1,0,358
2024-12-08,SKU_04,52.41,0,0.0,1,0,368
2024-12-09,SKU_04,48.49,0,0.0,0,0,357
2024-12-10,SKU_04,45.33,0,0.0,0,0,386
2024-12-11,SKU_04,42.37,0,0.0,0,0,391
2024-12-12,SKU_04,45.2,0,0.0,0,0,402
2024-12-13,SKU_04,42.17,0,0.0,0,0,401
2024-12-14,SKU_04,45.17,0,0.0,1,0,413
2024-12-15,SKU_04,43.61,1,0.116,1,0,566
2024-12-16,SKU_04,43.89,0,0.0,0,0,366
2024-12-17,SKU_04,46.57,0,0.0,0,0,377
2024-12-18,SKU_04,45.85,0,0.0,0,0,404
2024-12-19,SKU_04,41.99,0,0.0,0,0,407
2024-12-20,SKU_04,44.99,0,0.0,0,0,397
2024-12-21,SKU_04,43.97,0,0.0,1,0,428
2024-12-22,SKU_04,37.97,0,0.0,1,0,421
2024-12-23,SKU_04,39.76,0,0.0,0,0,404
2024-12-24,SKU_04,39.55,0,0.0,0,0,421
2024-12-25,SKU_04,43.26,0,0.0,0,0,428
2024-12-26,SKU_04,41.93,0,0.0,0,0,419
2024-12-27,SKU_04,39.45,0,0.0,0,0,437
2024-12-28,SKU_04,39.63,0,0.0,1,0,442
2024-12-29,SKU_04,38.91,0,0.0,1,0,417
2024-12-30,SKU_04,44.11,0,0.0,0,0,391
2024-12-31,SKU_04,45.43,0,0.0,0,0,400
2025-01-01,SKU_04,41.37,0,0.0,0,1,525
2025-01-02,SKU_04,42.63,0,0.0,0,0,430
2025-01-03,SKU_04,41.18,0,0.0,0,0,432
2025-01-04,SKU_04,42.64,0,0.0,1,0,466
2025-01-05,SKU_04,39.57,0,0.0,1,0,428
2025-01-06,SKU_04,41.09,0,0.0,0,0,403
2025-01-07,SKU_04,36.9,0,0.0,0,1,536
2025-01-08,SKU_04,38.47,0,0.0,0,0,449
2025-01-09,SKU_04,38.25,0,0.0,0,0,453
2025-01-10,SKU_04,32.7,0,0.0,0,0,494
2025-01-11,SKU_04,34.84,0,0.0,1,0,485
2025-01-12,SKU_04,34.3,1,0.322,1,0,821
2025-01-13,SKU_04,36.72,0,0.0,0,0,423
2025-01-14,SKU_04,38.0,0,0.0,0,0,459
2025-01-15,SKU_04,38.16,0,0.0,0,0,470
2025-01-16,SKU_04,33.55,0,0.0,0,0,487
2025-01-17,SKU_04,28.69,0,0.0,0,0,720
2025-01-18,SKU_04,28.24,1,0.295,1,0,931
2025-01-19,SKU_04,26.39,0,0.0,1,0,520
2025-01-20,SKU_04,31.46,0,0.0,0,0,477
2025-01-21,SKU_04,31.16,0,0.0,0,0,498
2025-01-22,SKU_04,32.03,0,0.0,0,0,510
2025-01-23,SKU_04,34.83,0,0.0,0,0,487
2025-01-24,SKU_04,35.54,0,0.0,0,0,503
2025-01-25,SKU_04,33.77,0,0.0,1,0,516
2025-01-26,SKU_04,35.61,0,0.0,1,0,473
2025-01-27,SKU_04,40.34,0,0.0,0,0,418
2025-01-28,SKU_04,42.41,0,0.0,0,0,447
2025-01-29,SKU_04,39.42,0,0.0,0,0,492
2025-01-30,SKU_04,35.83,0,0.0,0,0,512
2025-01-31,SKU_04,35.22,0,0.0,0,0,500
2025-02-01,SKU_04,35.1,0,0.0,1,0,534
2025-02-02,SKU_04,33.09,0,0.0,1,0,511
2025-02-03,SKU_04,32.87,0,0.0,0,0,471
2025-02-04,SKU_04,31.59,0,0.0,0,0,519
2025-02-05,SKU_04,27.67,0,0.0,0,0,564
2025-02-06,SKU_04,28.62,0,0.0,0,0,547
2025-02-07,SKU_04,31.68,0,0.0,0,0,540
2025-02-08,SKU_04,29.94,0,0.0,1,0,564
2025-02-09,SKU_04,29.73,0,0.0,1,0,544
2025-02-10,SKU_04,31.66,0,0.0,0,0,498
2025-02-11,SKU_04,32.76,0,0.0,0,0,503
2025-02-12,SKU_04,35.78,0,0.0,0,0,12
2025-02-13,SKU_04,35.8,0,0.0,0,0,509
2025-02-14,SKU_04,32.98,0,0.0,0,0,537
2025-02-15,SKU_04,36.06,0,0.0,1,0,541
2025-02-16,SKU_04,37.37,0,0.0,1,0,503
2025-02-17,SKU_04,37.28,0,0.0,0,0,475
2025-02-18,SKU_04,35.46,0,0.0,0,0,496
2025-02-19,SKU_04,36.83,0,0.0,0,0,501
2025-02-20,SKU_04,35.89,0,0.0,0,0,514
2025-02-21,SKU_04,37.71,0,0.0,0,0,523
2025-02-22,SKU_04,37.08,0,0.0,1,0,544
2025-02-23,SKU_04,36.23,0,0.0,1,1,618
2025-02-24,SKU_04,35.45,0,0.0,0,0,502
2025-02-25,SKU_04,35.53,0,0.0,0,0,510
2025-02-26,SKU_04,35.26,0,0.0,0,0,546
2025-02-27,SKU_04,36.11,0,0.0,0,0,527
2025-02-28,SKU_04,41.76,0,0.0,0,0,507
2025-03-01,SKU_04,39.91,0,0.0,1,0,525
2025-03-02,SKU_04,40.46,0,0.0,1,0,502
2025-03-03,SKU_04,36.02,0,0.0,0,0,498
2025-03-04,SKU_04,37.52,0,0.0,0,0,507
2025-03-05,SKU_04,38.75,0,0.0,0,0,536
2025-03-06,SKU_04,42.92,0,0.0,0,0,532
2025-03-07,SKU_04,39.6,0,0.0,0,0,528
2025-03-08,SKU_04,38.02,0,0.0,1,1,670
2025-03-09,SKU_04,39.55,0,0.0,1,0,525
2025-03-10,SKU_04,36.55,0,0.0,0,0,506
2025-03-11,SKU_04,33.71,0,0.0,0,0,542
2025-03-12,SKU_04,37.91,0,0.0,0,0,548
2025-03-13,SKU_04,39.59,0,0.0,0,0,544
2025-03-14,SKU_04,39.25,0,0.0,0,0,538
2025-03-15,SKU_04,37.03,0,0.0,1,0,567
2025-03-16,SKU_04,37.05,0,0.0,1,0,513
2025-03-17,SKU_04,37.81,0,0.0,0,0,496
2025-03-18,SKU_04,40.39,0,0.0,0,0,512
2025-03-19,SKU_04,42.33,0,0.0,0,0,544
2025-03-20,SKU_04,39.46,0,0.0,0,0,539
2025-03-21,SKU_04,40.03,0,0.0,0,0,527
2025-03-22,SKU_04,35.73,0,0.0,1,0,585
2025-03-23,SKU_04,39.73,0,0.0,1,0,508
2025-03-24,SKU_04,38.45,0,0.0,0,0,508
2025-03-25,SKU_04,40.19,0,0.0,0,0,528
2025-03-26,SKU_04,45.01,0,0.0,0,0,511
2025-03-27,SKU_04,51.21,0,0.0,0,0,505
2025-03-28,SKU_04,44.58,0,0.0,0,0,521
2025-03-29,SKU_04,48.19,0,0.0,1,0,515
2025-03-30,SKU_04,51.02,0,0.0,1,0,485
2025-03-31,SKU_04,53.98,0,0.0,0,0,447
2025-04-01,SKU_04,58.92,0,0.0,0,0,463
2025-04-02,SKU_04,55.27,0,0.0,0,0,486
2025-04-03,SKU_04,61.62,0,0.0,0,0,485
2025-04-04,SKU_04,61.3,0,0.0,0,0,465
2025-04-05,SKU_04,60.23,0,0.0,1,0,489
2025-04-06,SKU_04,66.01,0,0.0,1,0,460
2025-04-07,SKU_04,66.23,0,0.0,0,0,419
2025-04-08,SKU_04,61.04,0,0.0,0,0,457
2025-04-09,SKU_04,61.53,0,0.0,0,0,469
2025-04-10,SKU_04,71.29,0,0.0,0,0,435
2025-04-11,SKU_04,73.85,0,0.0,0,0,435
2025-04-12,SKU_04,69.71,0,0.0,1,0,457
2025-04-13,SKU_04,59.45,0,0.0,1,0,456
2025-04-14,SKU_04,64.11,0,0.0,0,0,425
2025-04-15,SKU_04,65.08,0,0.0,0,0,456
2025-04-16,SKU_04,59.48,0,0.0,0,0,509
2025-04-17,SKU_04,56.84,0,0.0,0,0,481
2025-04-18,SKU_04,67.33,0,0.0,0,0,468
2025-04-19,SKU_04,67.28,0,0.0,1,0,483
2025-04-20,SKU_04,66.9,0,0.0,1,0,427
2025-04-21,SKU_04,68.07,0,0.0,0,0,441
2025-04-22,SKU_04,70.53,0,0.0,0,0,457
2025-04-23,SKU_04,64.03,0,0.0,0,0,484
2025-04-24,SKU_04,55.88,0,0.0,0,0,490
2025-04-25,SKU_04,58.15,0,0.0,0,0,484
2025-04-26,SKU_04,57.05,0,0.0,1,0,526
2025-04-27,SKU_04,54.82,0,0.0,1,0,484
2025-04-28,SKU_04,52.92,0,0.0,0,0,458
2025-04-29,SKU_04,52.43,0,0.0,0,0,500
2025-04-30,SKU_04,59.85,0,0.0,0,0,493
2025-05-01,SKU_04,67.53,0,0.0,0,1,565
2025-05-02,SKU_04,61.73,0,0.0,0,1,593
2025-05-03,SKU_04,61.41,0,0.0,1,0,499
2025-05-04,SKU_04,53.7,0,0.0,1,0,486
2025-05-05,SKU_04,51.99,0,0.0,0,0,475
2025-05-06,SKU_04,46.85,0,0.0,0,0,519
2025-05-07,SKU_04,50.47,0,0.0,0,0,516
2025-05-08,SKU_04,53.92,0,0.0,0,0,501
2025-05-09,SKU_04,45.46,0,0.0,0,1,633
2025-05-10,SKU_04,42.91,0,0.0,1,0,556
2025-05-11,SKU_04,44.13,0,0.0,1,0,526
2025-05-12,SKU_04,52.64,1,0.129,0,0,692
2025-05-13,SKU_04,51.28,0,0.0,0,0,507
2025-05-14,SKU_04,46.31,0,0.0,0,0,526
2025-05-15,SKU_04,46.84,0,0.0,0,0,527
2025-05-16,SKU_04,50.54,0,0.0,0,0,521
2025-05-17,SKU_04,48.67,0,0.0,1,0,551
2025-05-18,SKU_04,48.25,0,0.0,1,0,526
2025-05-19,SKU_04,52.0,0,0.0,0,0,456
2025-05-20,SKU_04,53.86,0,0.0,0,0,486
2025-05-21,SKU_04,62.99,0,0.0,0,0,497
2025-05-22,SKU_04,66.03,0,0.0,0,0,465
2025-05-23,SKU_04,66.75,0,0.0,0,0,463
2025-05-24,SKU_04,71.28,0,0.0,1,0,464
2025-05-25,SKU_04,64.7,0,0.0,1,0,443
2025-05-26,SKU_04,63.85,0,0.0,0,0,438
2025-05-27,SKU_04,60.14,0,0.0,0,0,472
2025-05-28,SKU_04,58.96,0,0.0,0,0,483
2025-05-29,SKU_04,66.69,0,0.0,0,0,475
2025-05-30,SKU_04,61.58,0,0.0,0,0,482
2025-05-31,SKU_04,55.27,0,0.0,1,0,527
2025-06-01,SKU_04,55.12,0,0.0,1,0,479
2025-06-02,SKU_04,59.96,0,0.0,0,0,467
2025-06-03,SKU_04,63.72,0,0.0,0,0,473
2025-06-04,SKU_04,61.34,0,0.0,0,0,485
2025-06-05,SKU_04,55.27,0,0.0,0,0,496
2025-06-06,SKU_04,53.78,0,0.0,0,0,513
2025-06-07,SKU_04,51.46,0,0.0,1,0,531
2025-06-08,SKU_04,48.93,0,0.0,1,0,508
2025-06-09,SKU_04,42.9,0,0.0,0,0,493
2025-06-10,SKU_04,46.7,0,0.0,0,0,504
2025-06-11,SKU_04,41.79,0,0.0,0,0,540
2025-06-12,SKU_04,42.28,0,0.0,0,0,556
2025-06-13,SKU_04,40.81,0,0.0,0,0,577
2025-06-14,SKU_04,37.0,0,0.0,1,0,612
2025-06-15,SKU_04,39.13,0,0.0,1,0,552
2025-06-16,SKU_04,35.22,0,0.0,0,0,537
2025-06-17,SKU_04,39.53,0,0.0,0,0,536
2025-06-18,SKU_04,36.2,0,0.0,0,0,46
2025-06-19,SKU_04,37.43,0,0.0,0,0,568
2025-06-20,SKU_04,38.8,0,0.0,0,0,49
2025-06-21,SKU_04,39.01,0,0.0,1,0,567
2025-06-22,SKU_04,42.6,0,0.0,1,0,530
2025-06-23,SKU_04,40.16,0,0.0,0,0,521
2025-06-24,SKU_04,40.69,0,0.0,0,0,534
2025-06-25,SKU_04,40.64,0,0.0,0,0,551
2025-06-26,SKU_04,43.96,0,0.0,0,0,529
2025-06-27,SKU_04,45.05,0,0.0,0,0,549
2025-06-28,SKU_04,44.81,0,0.0,1,0,542
2025-06-29,SKU_04,51.09,0,0.0,1,0,497
2025-06-30,SKU_04,49.74,0,0.0,0,0,474
2025-07-01,SKU_04,59.14,0,0.0,0,0,479
2025-07-02,SKU_04,60.89,0,0.0,0,0,480
2025-07-03,SKU_04,67.44,0,0.0,0,0,462
2025-07-04,SKU_04,73.68,0,0.0,0,0,452
2025-07-05,SKU_04,59.81,0,0.0,1,0,501
2025-07-06,SKU_04,59.6,0,0.0,1,0,460
2025-07-07,SKU_04,65.92,0,0.0,0,0,418
2025-07-08,SKU_04,65.5,0,0.0,0,0,452
2025-07-09,SKU_04,66.03,0,0.0,0,0,474
2025-07-10,SKU_04,60.44,0,0.0,0,0,487
2025-07-11,SKU_04,62.1,0,0.0,0,0,479
2025-07-12,SKU_04,52.11,0,0.0,1,0,518
2025-07-13,SKU_04,53.11,0,0.0,1,0,490
2025-07-14,SKU_04,49.28,0,0.0,0,0,478
2025-07-15,SKU_04,49.65,0,0.0,0,0,496
2025-07-16,SKU_04,45.8,0,0.0,0,0,521
2025-07-17,SKU_04,43.07,0,0.0,0,0,529
2025-07-18,SKU_04,39.28,0,0.0,0,0,546
2025-07-19,SKU_04,34.56,0,0.0,1,0,604
2025-07-20,SKU_04,34.93,0,0.0,1,0,552
2025-07-21,SKU_04,31.98,0,0.0,0,0,546
2025-07-22,SKU_04,31.88,0,0.0,0,0,587
2025-07-23,SKU_04,31.08,0,0.0,0,0,613
2025-07-24,SKU_04,30.74,0,0.0,0,0,615
2025-07-25,SKU_04,33.26,0,0.0,0,0,591
2025-07-26,SKU_04,35.26,0,0.0,1,0,599
2025-07-27,SKU_04,38.17,0,0.0,1,0,537
2025-07-28,SKU_04,36.35,0,0.0,0,0,529
2025-07-29,SKU_04,38.84,0,0.0,0,0,534
2025-07-30,SKU_04,38.39,0,0.0,0,0,553
2025-07-31,SKU_04,42.35,0,0.0,0,0,532
2025-08-01,SKU_04,40.23,0,0.0,0,0,550
2025-08-02,SKU_04,39.35,0,0.0,1,0,583
2025-08-03,SKU_04,42.59,0,0.0,1,0,522
2025-08-04,SKU_04,40.48,0,0.0,0,0,503
2025-08-05,SKU_04,41.04,0,0.0,0,0,522
2025-08-06,SKU_04,39.58,0,0.0,0,0,538
2025-08-07,SKU_04,37.48,0,0.0,0,0,556
2025-08-08,SKU_04,39.91,0,0.0,0,0,546
2025-08-09,SKU_04,36.59,0,0.0,1,0,579
2025-08-10,SKU_04,38.49,0,0.0,1,0,542
2025-08-11,SKU_04,35.41,0,0.0,0,0,522
2025-08-12,SKU_04,31.07,0,0.0,0,0,577
2025-08-13,SKU_04,29.68,0,0.0,0,0,592
2025-08-14,SKU_04,32.71,0,0.0,0,0,585
2025-08-15,SKU_04,31.4,1,0.213,0,0,944
2025-08-16,SKU_04,30.39,0,0.0,1,0,629
2025-08-17,SKU_04,30.25,0,0.0,1,0,564
2025-08-18,SKU_04,29.5,0,0.0,0,0,556
2025-08-19,SKU_04,28.74,0,0.0,0,0,592
2025-08-20,SKU_04,29.36,0,0.0,0,0,620
2025-08-21,SKU_04,26.7,0,0.0,0,0,633
2025-08-22,SKU_04,21.38,0,0.0,0,0,672
2025-08-23,SKU_04,22.67,0,0.0,1,0,691
2025-08-24,SKU_04,24.63,0,0.0,1,0,623
2025-08-25,SKU_04,22.47,0,0.0,0,0,620
2025-08-26,SKU_04,18.36,0,0.0,0,0,709
2025-08-27,SKU_04,16.81,0,0.0,0,0,749
2025-08-28,SKU_04,18.02,0,0.0,0,0,711
2025-08-29,SKU_04,16.9,0,0.0,0,0,737
2025-08-30,SKU_04,16.61,0,0.0,1,0,778
2025-08-31,SKU_04,17.99,0,0.0,1,0,703
2025-09-01,SKU_04,17.72,0,0.0,0,0,667
2025-09-02,SKU_04,18.62,0,0.0,0,0,687
2025-09-03,SKU_04,17.0,0,0.0,0,0,734
2025-09-04,SKU_04,15.66,0,0.0,0,0,754
2025-09-05,SKU_04,14.49,0,0.0,0,0,779
2025-09-06,SKU_04,14.14,0,0.0,1,0,798
2025-09-07,SKU_04,13.97,0,0.0,1,0,767
2025-09-08,SKU_04,13.02,0,0.0,0,0,747
2025-09-09,SKU_04,13.15,0,0.0,0,0,789
2025-09-10,SKU_04,13.8,0,0.0,0,0,790
2025-09-11,SKU_04,12.95,0,0.0,0,0,811
2025-09-12,SKU_04,13.78,0,0.0,0,0,804
2025-09-13,SKU_04,14.57,0,0.0,1,0,816
2025-09-14,SKU_04,15.48,0,0.0,1,0,748
2025-09-15,SKU_04,14.31,0,0.0,0,0,717
2025-09-16,SKU_04,14.06,0,0.0,0,0,758
2025-09-17,SKU_04,14.34,0,0.0,0,0,784
2025-09-18,SKU_04,13.4,0,0.0,0,0,809
2025-09-19,SKU_04,14.74,0,0.0,0,0,786
2025-09-20,SKU_04,15.32,0,0.0,1,0,807
2025-09-21,SKU_04,14.73,0,0.0,1,0,764
2025-09-22,SKU_04,15.32,0,0.0,0,0,706
2025-09-23,SKU_04,15.32,0,0.0,0,0,746
2025-09-24,SKU_04,15.48,0,0.0,0,0,766
2025-09-25,SKU_04,15.2,0,0.0,0,0,771
2025-09-26,SKU_04,15.24,0,0.0,0,0,786
2025-09-27,SKU_04,14.4,0,0.0,1,0,833
2025-09-28,SKU_04,14.73,0,0.0,1,0,756
2025-09-29,SKU_04,13.01,0,0.0,0,0,748
2025-09-30,SKU_04,11.25,0,0.0,0,0,839
2025-10-01,SKU_04,11.26,0,0.0,0,0,867
2025-10-02,SKU_04,10.97,0,0.0,0,0,864
2025-10-03,SKU_04,10.77,0,0.0,0,0,908
2025-10-04,SKU_04,9.33,0,0.0,1,0,968
2025-10-05,SKU_04,9.79,0,0.0,1,0,870
2025-10-06,SKU_04,9.26,0,0.0,0,0,838
2025-10-07,SKU_04,8.28,0,0.0,0,0,935
2025-10-08,SKU_04,6.99,0,0.0,0,0,1038
2025-10-09,SKU_04,7.31,0,0.0,0,0,1012
2025-10-10,SKU_04,7.34,0,0.0,0,0,1019
2025-10-11,SKU_04,7.7,0,0.0,1,0,1044
2025-10-12,SKU_04,8.53,0,0.0,1,0,939
2025-10-13,SKU_04,8.37,0,0.0,0,0,887
2025-10-14,SKU_04,7.23,0,0.0,0,0,998
2025-10-15,SKU_04,6.76,0,0.0,0,0,1053
2025-10-16,SKU_04,7.02,0,0.0,0,0,1041
2025-10-17,SKU_04,6.92,0,0.0,0,0,1062
2025-10-18,SKU_04,6.58,0,0.0,1,0,1097
2025-10-19,SKU_04,7.58,0,0.0,1,0,990
2025-10-20,SKU_04,7.2,0,0.0,0,0,955
2025-10-21,SKU_04,6.3,0,0.0,0,0,1050
2025-10-22,SKU_04,5.94,0,0.0,0,0,1126
2025-10-23,SKU_04,4.99,0,0.0,0,0,1184
2025-10-24,SKU_04,4.98,0,0.0,0,0,1203
2025-10-25,SKU_04,5.17,0,0.0,1,0,1214
2025-10-26,SKU_04,4.53,0,0.0,1,0,1187
2025-10-27,SKU_04,4.5,0,0.0,0,0,1147
2025-10-28,SKU_04,4.88,0,0.0,0,0,1186
2025-10-29,SKU_04,4.47,0,0.0,0,0,1261
2025-10-30,SKU_04,3.73,0,0.0,0,0,1327
2025-10-31,SKU_04,3.64,0,0.0,0,0,1364
2025-11-01,SKU_04,3.79,0,0.0,1,0,1390
2025-11-02,SKU_04,3.83,0,0.0,1,0,1282
2025-11-03,SKU_04,3.58,0,0.0,0,0,1263
2025-11-04,SKU_04,3.74,0,0.0,0,0,1301
2025-11-05,SKU_04,3.69,0,0.0,0,0,1363
2025-11-06,SKU_04,3.62,0,0.0,0,0,1370
2025-11-07,SKU_04,3.77,0,0.0,0,0,1350
2025-11-08,SKU_04,3.78,0,0.0,1,0,1396
2025-11-09,SKU_04,4.07,0,0.0,1,0,1276
2025-11-10,SKU_04,4.15,0,0.0,0,0,1224
2025-11-11,SKU_04,4.43,0,0.0,0,0,1246
2025-11-12,SKU_04,5.26,0,0.0,0,0,1223
2025-11-13,SKU_04,5.25,0,0.0,0,0,1212
2025-11-14,SKU_04,4.49,0,0.0,0,0,1309
2025-11-15,SKU_04,4.16,0,0.0,1,0,1355
2025-11-16,SKU_04,4.21,0,0.0,1,0,1293
2025-11-17,SKU_04,3.3,0,0.0,0,0,1322
2025-11-18,SKU_04,2.85,0,0.0,0,0,1484
2025-11-19,SKU_04,3.02,0,0.0,0,0,1511
2025-11-20,SKU_04,3.19,0,0.0,0,0,1482
2025-11-21,SKU_04,3.04,0,0.0,0,0,1518
2025-11-22,SKU_04,3.02,0,0.0,1,0,1536
2025-11-23,SKU_04,2.92,0,0.0,1,0,1490
2025-11-24,SKU_04,2.6,0,0.0,0,0,1477
2025-11-25,SKU_04,2.8,0,0.0,0,0,1520
2025-11-26,SKU_04,2.99,0,0.0,0,0,1541
2025-11-27,SKU_04,3.16,0,0.0,0,0,1503
2025-11-28,SKU_04,3.51,0,0.0,0,0,1479
2025-11-29,SKU_04,3.58,0,0.0,1,0,1498
2025-11-30,SKU_04,3.71,0,0.0,1,0,1393
2025-12-01,SKU_04,3.7,0,0.0,0,0,1324
2025-12-02,SKU_04,3.85,0,0.0,0,0,1392
2025-12-03,SKU_04,4.01,0,0.0,0,0,1411
2025-12-04,SKU_04,4.1,0,0.0,0,0,1393
2025-12-05,SKU_04,4.75,0,0.0,0,0,1337
2025-12-06,SKU_04,5.1,0,0.0,1,0,85
2025-12-07,SKU_04,4.8,0,0.0,1,0,1292
2025-12-08,SKU_04,5.03,0,0.0,0,0,1208
2025-12-09,SKU_04,5.18,0,0.0,0,0,1255
2025-12-10,SKU_04,5.39,0,0.0,0,0,1299
2025-12-11,SKU_04,4.79,0,0.0,0,0,1340
2025-12-12,SKU_04,3.93,0,0.0,0,0,1457
2025-12-13,SKU_04,3.59,0,0.0,1,0,1554
2025-12-14,SKU_04,3.62,0,0.0,1,0,1442
2025-12-15,SKU_04,2.91,0,0.0,0,0,1490
2025-12-16,SKU_04,2.86,0,0.0,0,0,1600
2025-12-17,SKU_04,3.03,0,0.0,0,0,1617
2025-12-18,SKU_04,2.76,0,0.0,0,0,1677
2025-12-19,SKU_04,3.21,0,0.0,0,0,1593
2025-12-20,SKU_04,2.75,0,0.0,1,0,1718
2025-12-21,SKU_04,2.69,0,0.0,1,0,1643
2025-12-22,SKU_04,2.92,0,0.0,0,0,1521
2025-12-23,SKU_04,3.07,0,0.0,0,0,1579
2025-12-24,SKU_04,3.19,0,0.0,0,0,1609
2025-12-25,SKU_04,3.61,0,0.0,0,0,1549
2025-12-26,SKU_04,3.8,0,0.0,0,0,1540
2025-12-27,SKU_04,4.1,0,0.0,1,0,1545
2025-12-28,SKU_04,3.69,0,0.0,1,0,1491
2025-12-29,SKU_04,3.68,0,0.0,0,0,1424
2025-12-30,SKU_04,3.35,0,0.0,0,0,1564
2025-12-31,SKU_04,3.14,0,0.0,0,0,1654
2026-01-01,SKU_04,3.28,0,0.0,0,1,1949
