data/sales.csv
date,sku,price,promo_flag,discount_pct,is_weekend,is_holiday,sales
2025-07-31,SKU_05,39.98,0,0.0,0,0,859
2025-08-01,SKU_05,37.47,0,0.0,0,0,980
2025-08-02,SKU_05,40.27,0,0.0,1,0,1052
2025-08-03,SKU_05,37.09,0,0.0,1,0,1008
2025-08-04,SKU_05,39.29,0,0.0,0,0,1805
2025-08-05,SKU_05,38.59,0,0.0,0,0,821
2025-08-06,SKU_05,40.09,0,0.0,0,0,809
2025-08-07,SKU_05,40.23,0,0.0,0,0,841
2025-08-08,SKU_05,38.18,0,0.0,0,0,961
2025-08-09,SKU_05,38.18,0,0.0,1,0,1072
2025-08-10,SKU_05,37.1,0,0.0,1,0,1007
2025-08-11,SKU_05,37.76,0,0.0,0,0,873
2025-08-12,SKU_05,39.0,0,0.0,0,0,812
2025-08-13,SKU_05,39.09,0,0.0,0,0,809
2025-08-14,SKU_05,42.16,0,0.0,0,0,828
2025-08-15,SKU_05,42.37,0,0.0,0,0,923
2025-08-16,SKU_05,43.99,0,0.0,1,0,1011
2025-08-17,SKU_05,45.02,0,0.0,1,0,928
2025-08-18,SKU_05,42.53,0,0.0,0,0,822
2025-08-19,SKU_05,43.94,0,0.0,0,0,774
2025-08-20,SKU_05,44.98,0,0.0,0,0,762
2025-08-21,SKU_05,44.92,0,0.0,0,0,802
2025-08-22,SKU_05,43.17,0,0.0,0,0,908
2025-08-23,SKU_05,43.43,0,0.0,1,0,1006
2025-08-24,SKU_05,48.67,0,0.0,1,0,897
2025-08-25,SKU_05,45.98,0,0.0,0,0,798
2025-08-26,SKU_05,45.08,0,0.0,0,0,752
2025-08-27,SKU_05,44.22,0,0.0,0,0,761
2025-08-28,SKU_05,48.43,0,0.0,0,0,768
2025-08-29,SKU_05,47.39,0,0.0,0,0,863
2025-08-30,SKU_05,50.39,0,0.0,1,0,939
2025-08-31,SKU_05,53.49,0,0.0,1,0,860
2025-09-01,SKU_05,55.37,0,0.0,0,0,740
2025-09-02,SKU_05,55.19,0,0.0,0,0,689
2025-09-03,SKU_05,53.49,0,0.0,0,0,699
2025-09-04,SKU_05,53.79,0,0.0,0,0,728
2025-09-05,SKU_05,53.42,0,0.0,0,0,825
2025-09-06,SKU_05,53.41,0,0.0,1,0,904
2025-09-07,SKU_05,51.86,0,0.0,1,0,854
2025-09-08,SKU_05,52.47,0,0.0,0,0,739
2025-09-09,SKU_05,48.19,0,0.0,0,0,728
2025-09-10,SKU_05,47.24,0,0.0,0,0,726
2025-09-11,SKU_05,44.98,0,0.0,0,0,771
2025-09-12,SKU_05,44.05,0,0.0,0,0,871
2025-09-13,SKU_05,46.07,0,0.0,1,0,949
2025-09-14,SKU_05,49.42,1,0.332,1,0,2009
2025-09-15,SKU_05,52.52,0,0.0,0,0,724
2025-09-16,SKU_05,55.08,0,0.0,0,0,672
2025-09-17,SKU_05,50.82,0,0.0,0,0,691
2025-09-18,SKU_05,52.64,0,0.0,0,0,718
2025-09-19,SKU_05,52.3,0,0.0,0,0,801
2025-09-20,SKU_05,56.29,0,0.0,1,0,871
2025-09-21,SKU_05,61.42,0,0.0,1,0,783
2025-09-22,SKU_05,63.35,1,0.299,0,0,1514
2025-09-23,SKU_05,56.23,0,0.0,0,0,667
2025-09-24,SKU_05,59.73,0,0.0,0,0,645
2025-09-25,SKU_05,59.34,0,0.0,0,0,681
2025-09-26,SKU_05,58.72,0,0.0,0,0,768
2025-09-27,SKU_05,56.27,0,0.0,1,0,857
2025-09-28,SKU_05,54.83,0,0.0,1,0,801
2025-09-29,SKU_05,52.63,0,0.0,0,0,708
2025-09-30,SKU_05,55.38,0,0.0,0,0,655
2025-10-01,SKU_05,58.18,0,0.0,0,0,643
2025-10-02,SKU_05,56.4,0,0.0,0,0,672
2025-10-03,SKU_05,57.29,0,0.0,0,0,751
2025-10-04,SKU_05,61.97,0,0.0,1,0,820
2025-10-05,SKU_05,59.62,0,0.0,1,0,761
2025-10-06,SKU_05,56.24,0,0.0,0,0,677
2025-10-07,SKU_05,58.28,0,0.0,0,0,634
2025-10-08,SKU_05,56.57,0,0.0,0,0,632
2025-10-09,SKU_05,56.05,0,0.0,0,0,668
2025-10-10,SKU_05,56.48,0,0.0,0,0,742
2025-10-11,SKU_05,53.34,0,0.0,1,0,847
2025-10-12,SKU_05,56.94,0,0.0,1,0,761
2025-10-13,SKU_05,56.39,0,0.0,0,0,669
2025-10-14,SKU_05,52.91,0,0.0,0,0,641
2025-10-15,SKU_05,53.14,0,0.0,0,0,630
2025-10-16,SKU_05,51.35,0,0.0,0,0,684
2025-10-17,SKU_05,47.65,0,0.0,0,0,778
2025-10-18,SKU_05,49.34,0,0.0,1,0,848
2025-10-19,SKU_05,49.49,0,0.0,1,0,790
2025-10-20,SKU_05,47.83,0,0.0,0,0,694
2025-10-21,SKU_05,50.31,0,0.0,0,0,635
2025-10-22,SKU_05,53.49,0,0.0,0,0,637
2025-10-23,SKU_05,58.0,0,0.0,0,0,640
2025-10-24,SKU_05,61.0,0,0.0,0,0,702
2025-10-25,SKU_05,59.69,0,0.0,1,0,785
2025-10-26,SKU_05,61.87,0,0.0,1,0,725
2025-10-27,SKU_05,67.99,0,0.0,0,0,603
2025-10-28,SKU_05,64.99,0,0.0,0,0,585
2025-10-29,SKU_05,71.56,0,0.0,0,0,562
2025-10-30,SKU_05,67.61,0,0.0,0,0,593
2025-10-31,SKU_05,67.45,0,0.0,0,0,670
2025-11-01,SKU_05,69.27,0,0.0,1,0,736
2025-11-02,SKU_05,71.2,0,0.0,1,0,1274
2025-11-03,SKU_05,69.54,0,0.0,0,0,594
2025-11-04,SKU_05,67.09,0,0.0,0,0,572
2025-11-05,SKU_05,67.17,0,0.0,0,0,561
2025-11-06,SKU_05,63.7,0,0.0,0,0,598
2025-11-07,SKU_05,64.69,0,0.0,0,0,676
2025-11-08,SKU_05,62.21,0,0.0,1,0,761
2025-11-09,SKU_05,57.41,0,0.0,1,0,721
2025-11-10,SKU_05,59.62,0,0.0,0,0,614
2025-11-11,SKU_05,60.48,0,0.0,0,0,578
2025-11-12,SKU_05,59.38,0,0.0,0,0,575
2025-11-13,SKU_05,62.0,0,0.0,0,0,608
2025-11-14,SKU_05,67.63,0,0.0,0,0,657
2025-11-15,SKU_05,64.64,0,0.0,1,0,735
2025-11-16,SKU_05,65.83,0,0.0,1,0,676
2025-11-17,SKU_05,61.67,0,0.0,0,0,603
2025-11-18,SKU_05,61.81,0,0.0,0,0,585
2025-11-19,SKU_05,62.42,0,0.0,0,0,572
2025-11-20,SKU_05,65.1,0,0.0,0,0,582
2025-11-21,SKU_05,68.75,0,0.0,0,0,644
2025-11-22,SKU_05,66.21,0,0.0,1,0,726
2025-11-23,SKU_05,65.5,0,0.0,1,0,682
2025-11-24,SKU_05,64.68,0,0.0,0,0,591
2025-11-25,SKU_05,62.32,0,0.0,0,0,568
2025-11-26,SKU_05,58.36,0,0.0,0,0,582
2025-11-27,SKU_05,58.19,0,0.0,0,0,909
2025-11-28,SKU_05,57.68,0,0.0,0,0,689
2025-11-29,SKU_05,61.9,0,0.0,1,0,748
2025-11-30,SKU_05,56.57,0,0.0,1,0,712
2025-12-01,SKU_05,58.46,0,0.0,0,0,609
2025-12-02,SKU_05,55.75,0,0.0,0,0,588
2025-12-03,SKU_05,56.91,0,0.0,0,0,576
2025-12-04,SKU_05,61.99,0,0.0,0,0,602
2025-12-05,SKU_05,63.34,0,0.0,0,0,670
2025-12-06,SKU_05,62.22,0,0.0,1,0,741
2025-12-07,SKU_05,61.28,0,0.0,1,0,699
2025-12-08,SKU_05,58.86,0,0.0,0,0,607
2025-12-09,SKU_05,53.67,0,0.0,0,0,598
2025-12-10,SKU_05,56.65,0,0.0,0,0,580
2025-12-11,SKU_05,58.65,0,0.0,0,0,618
2025-12-12,SKU_05,59.75,0,0.0,0,0,676
2025-12-13,SKU_05,61.95,0,0.0,1,0,742
2025-12-14,SKU_05,62.9,0,0.0,1,0,686
2025-12-15,SKU_05,60.84,0,0.0,0,0,614
2025-12-16,SKU_05,58.84,0,0.0,0,0,582
2025-12-17,SKU_05,51.43,0,0.0,0,0,610
2025-12-18,SKU_05,54.09,0,0.0,0,0,628
2025-12-19,SKU_05,51.3,0,0.0,0,0,710
2025-12-20,SKU_05,48.28,0,0.0,1,0,817
2025-12-21,SKU_05,42.29,0,0.0,1,0,793
2025-12-22,SKU_05,44.34,0,0.0,0,0,677
2025-12-23,SKU_05,46.41,0,0.0,0,0,639
2025-12-24,SKU_05,42.79,0,0.0,0,0,652
2025-12-25,SKU_05,45.23,0,0.0,0,0,674
2025-12-26,SKU_05,43.57,0,0.0,0,0,772
2025-12-27,SKU_05,42.8,0,0.0,1,0,851
2025-12-28,SKU_05,47.0,0,0.0,1,0,773
2025-12-29,SKU_05,44.97,0,0.0,0,0,683
2025-12-30,SKU_05,46.75,0,0.0,0,0,651
2025-12-31,SKU_05,46.76,0,0.0,0,0,636
2026-01-01,SKU_05,47.34,0,0.0,0,1,806
2026-01-02,SKU_05,51.18,0,0.0,0,0,729
2026-01-03,SKU_05,57.54,0,0.0,1,0,793
2026-01-04,SKU_05,56.88,0,0.0,1,0,735
2026-01-05,SKU_05,60.92,0,0.0,0,0,628
2026-01-06,SKU_05,62.4,0,0.0,0,0,587
2026-01-07,SKU_05,61.08,0,0.0,0,1,709
2026-01-08,SKU_05,59.49,0,0.0,0,0,625
2026-01-09,SKU_05,59.76,0,0.0,0,0,703
2026-01-10,SKU_05,63.76,0,0.0,1,0,769
2026-01-11,SKU_05,60.54,0,0.0,1,0,731
2026-01-12,SKU_05,60.47,0,0.0,0,0,637
2026-01-13,SKU_05,61.92,0,0.0,0,0,593
2026-01-14,SKU_05,58.99,0,0.0,0,0,28
2026-01-15,SKU_05,57.0,0,0.0,0,0,653
2026-01-16,SKU_05,56.08,0,0.0,0,0,737
2026-01-17,SKU_05,55.76,0,0.0,1,0,811
2026-01-18,SKU_05,53.97,0,0.0,1,0,772
2026-01-19,SKU_05,52.27,0,0.0,0,0,676
2026-01-20,SKU_05,55.59,0,0.0,0,0,627
2026-01-21,SKU_05,55.18,0,0.0,0,0,640
2026-01-22,SKU_05,60.14,0,0.0,0,0,648
2026-01-23,SKU_05,60.69,0,0.0,0,0,738
2026-01-24,SKU_05,59.17,0,0.0,1,0,825
2026-01-25,SKU_05,59.7,0,0.0,1,0,764
2026-01-26,SKU_05,61.51,0,0.0,0,0,655
2026-01-27,SKU_05,64.26,0,0.0,0,0,620
2026-01-28,SKU_05,64.49,0,0.0,0,0,612
2026-01-29,SKU_05,61.48,0,0.0,0,0,664
2026-01-30,SKU_05,58.05,0,0.0,0,0,753
2026-01-31,SKU_05,56.73,0,0.0,1,0,856
2026-02-01,SKU_05,49.3,0,0.0,1,0,831
2026-02-02,SKU_05,47.33,0,0.0,0,0,735
2026-02-03,SKU_05,49.46,0,0.0,0,0,695
2026-02-04,SKU_05,52.41,0,0.0,0,0,680
2026-02-05,SKU_05,56.47,0,0.0,0,0,695
2026-02-06,SKU_05,58.36,0,0.0,0,0,784
2026-02-07,SKU_05,57.48,0,0.0,1,0,873
2026-02-08,SKU_05,57.76,0,0.0,1,0,810
2026-02-09,SKU_05,58.91,0,0.0,0,0,706
2026-02-10,SKU_05,59.81,0,0.0,0,0,658
2026-02-11,SKU_05,60.16,0,0.0,0,0,657
2026-02-12,SKU_05,57.94,0,0.0,0,0,716
2026-02-13,SKU_05,62.07,0,0.0,0,0,782
2026-02-14,SKU_05,61.29,0,0.0,1,0,879
2026-02-15,SKU_05,62.07,0,0.0,1,0,813
2026-02-16,SKU_05,60.18,0,0.0,0,0,717
2026-02-17,SKU_05,59.25,0,0.0,0,0,683
2026-02-18,SKU_05,56.59,0,0.0,0,0,695
2026-02-19,SKU_05,53.81,0,0.0,0,0,749
2026-02-20,SKU_05,54.79,0,0.0,0,0,845
2026-02-21,SKU_05,55.53,0,0.0,1,0,925
2026-02-22,SKU_05,51.11,0,0.0,1,0,892
2026-02-23,SKU_05,51.24,0,0.0,0,1,933
2026-02-24,SKU_05,52.17,0,0.0,0,0,743
2026-02-25,SKU_05,49.0,0,0.0,0,0,762
2026-02-26,SKU_05,51.1,0,0.0,0,0,783
2026-02-27,SKU_05,50.58,1,0.12,0,0,1618
2026-02-28,SKU_05,52.28,0,0.0,1,0,977
2026-03-01,SKU_05,48.91,0,0.0,1,0,933
2026-03-02,SKU_05,50.24,0,0.0,0,0,817
2026-03-03,SKU_05,50.83,0,0.0,0,0,765
2026-03-04,SKU_05,50.91,0,0.0,0,0,768
2026-03-05,SKU_05,47.24,0,0.0,0,0,839
2026-03-06,SKU_05,49.05,0,0.0,0,0,925
2026-03-07,SKU_05,50.5,0,0.0,1,0,1023
2026-03-08,SKU_05,50.32,0,0.0,1,1,1150
2026-03-09,SKU_05,45.56,0,0.0,0,0,866
2026-03-10,SKU_05,44.13,0,0.0,0,0,826
2026-03-11,SKU_05,43.8,0,0.0,0,0,832
2026-03-12,SKU_05,46.0,0,0.0,0,0,871
2026-03-13,SKU_05,47.37,0,0.0,0,0,966
2026-03-14,SKU_05,40.89,0,0.0,1,0,1127
2026-03-15,SKU_05,41.74,0,0.0,1,0,1056
2026-03-16,SKU_05,41.26,0,0.0,0,0,918
2026-03-17,SKU_05,41.24,0,0.0,0,0,876
2026-03-18,SKU_05,41.4,0,0.0,0,0,883
2026-03-19,SKU_05,40.46,0,0.0,0,0,933
2026-03-20,SKU_05,40.9,0,0.0,0,0,1043
2026-03-21,SKU_05,40.26,0,0.0,1,0,1175
2026-03-22,SKU_05,42.68,0,0.0,1,0,1076
2026-03-23,SKU_05,42.77,0,0.0,0,0,941
2026-03-24,SKU_05,40.82,0,0.0,0,0,909
2026-03-25,SKU_05,42.51,0,0.0,0,0,896
2026-03-26,SKU_05,41.31,0,0.0,0,0,957
2026-03-27,SKU_05,44.07,0,0.0,0,0,1048
2026-03-28,SKU_05,43.03,0,0.0,1,0,1183
2026-03-29,SKU_05,41.29,0,0.0,1,0,1120
2026-03-30,SKU_05,45.2,0,0.0,0,0,951
2026-03-31,SKU_05,43.29,0,0.0,0,0,912
2026-04-01,SKU_05,41.71,0,0.0,0,0,930
2026-04-02,SKU_05,42.38,0,0.0,0,0,970
2026-04-03,SKU_05,39.07,0,0.0,0,0,1125
2026-04-04,SKU_05,40.7,0,0.0,1,0,1248
2026-04-05,SKU_05,37.73,0,0.0,1,0,1190
2026-04-06,SKU_05,35.76,0,0.0,0,0,1065
2026-04-07,SKU_05,35.52,0,0.0,0,0,1008
2026-04-08,SKU_05,36.97,0,0.0,0,0,989
2026-04-09,SKU_05,38.22,0,0.0,0,0,1042
2026-04-10,SKU_05,37.37,0,0.0,0,0,1175
2026-04-11,SKU_05,38.73,0,0.0,1,0,1296
2026-04-12,SKU_05,38.22,0,0.0,1,0,1214
